// Jest Snapshot v1, https://goo.gl/fbAQLP

exports[`Comments component tests. Comments component renders correctly. 1`] = `
<DocumentFragment>
  <div
    class="container-fluid video-player"
  >
    <div
      class="container"
    >
      <div
        class="row vr-gallery"
      >
        <div
          class="col-md-8 mb-4"
          id="user-comment"
        >
          <div
            class="row"
          >
            <div
              class="col-md-12 col-lg-12 light-bg cus-pd cus-arrow-left"
            >
              <h3>
                Leave a comment here:
              </h3>
              <form>
                <label
                  for="name"
                  type="control"
                >
                  Name:
                </label>
                <input
                  class="input-name"
                  data-testid="inputName"
                  id="name"
                  name="name"
                  type="text"
                  value=""
                />
                <label
                  for="email"
                >
                  Email:
                </label>
                <input
                  class="input-email"
                  data-testid="inputEmail"
                  id="email"
                  name="email"
                  type="email"
                  value=""
                />
                <label
                  for="comments"
                >
                  Comment:
                </label>
                <textarea
                  class="comments"
                  data-testid="inputComments"
                  id="comments"
                />
                <div
                  class="submit-container"
                >
                  <input
                    data-testid="buttonPublish"
                    id="addComment"
                    name="addComment"
                    type="submit"
                    value="Publish"
                  />
                </div>
              </form>
            </div>
          </div>
        </div>
        <div
          class="col-md-8 mb-4"
          id="comments"
        />
      </div>
    </div>
  </div>
</DocumentFragment>
`;
